// Jest Snapshot v1, https://goo.gl/fbAQLP

exports[`ReviewList should list of reviews 1`] = `
<ForwardRef(Stack)
  mb={6}
  spacing={2}
>
  <ForwardRef(Typography)
    mt={2}
    variant="h4"
  >
    รีวิวของรายวิชานี้
  </ForwardRef(Typography)>
  <ReviewCard
    _id="61ab59632d5b971a45ca3238"
    academicYear="2564"
    content="เขียนดี ๆ แล้ว อิอิ"
    courseNo="0201109"
    dislikeCount={0}
    isOwner={true}
    key="61ab59632d5b971a45ca3238"
    likeCount={1}
    myInteraction="L"
    rating={3}
    semester="2"
    status="PENDING"
    studyProgram="S"
  />
  <ReviewCard
    _id="61ab376cea2d0aeded10dc2b"
    academicYear="2564"
    content="เหนื่อยากเลยค่าแงงงงง"
    courseNo="0201109"
    dislikeCount={0}
    isOwner={false}
    key="61ab376cea2d0aeded10dc2b"
    likeCount={0}
    myInteraction={null}
    rating={8}
    semester="2"
    status="APPROVED"
    studyProgram="S"
  />
  <ReviewCard
    _id="61ab389bea2d0aeded10dc6a"
    academicYear="2563"
    content="อยากนอน"
    courseNo="0201109"
    dislikeCount={0}
    isOwner={false}
    key="61ab389bea2d0aeded10dc6a"
    likeCount={0}
    myInteraction={null}
    rating={9}
    semester="1"
    status="APPROVED"
    studyProgram="S"
  />
  <ReviewCard
    _id="61ab39d457ff6cbfc0e4b809"
    academicYear="2563"
    content="วิชานี้เกี่ยวกับแนวคิดและพัฒนาการของการบูรณาการยุโรป ตั้งแต่ช่วงสงครามโลกครั้งที่ 2 จนถึงปัจจุบัน ปัญหาความขัดแย้งต่างๆ ที่ส่งผลต่อการบูรณาการ ความร่วมมือ ผลกระทบและกลยุทธ์ด้านวัฒนธรรม การเมือง เศรษฐกิจ สังคม วิทยาศาสตร์และเทคโนโลยี ภายในกลุ่มสหภาพยุโรป และระหว่างสหภาพยุโรปกับไทย ประเทศในกลุ่มอาเซียนและเอเชีย 
สนุกดีนะ"
    courseNo="0201109"
    dislikeCount={0}
    isOwner={false}
    key="61ab39d457ff6cbfc0e4b809"
    likeCount={0}
    myInteraction={null}
    rating={7}
    semester="3"
    status="APPROVED"
    studyProgram="S"
  />
  <ReviewCard
    _id="61ab5096811ca6c9769f5bed"
    academicYear="2564"
    content="ดีครับ อาจารย์น่ารักมาก ๆ "
    courseNo="0201109"
    dislikeCount={0}
    isOwner={false}
    key="61ab5096811ca6c9769f5bed"
    likeCount={0}
    myInteraction={null}
    rating={10}
    semester="2"
    status="APPROVED"
    studyProgram="S"
  />
</ForwardRef(Stack)>
`;

exports[`ReviewList should render nothing if there are no reviews 1`] = `""`;
