// Jest Snapshot v1, https://goo.gl/fbAQLP

exports[`CourseSearchPage Should match snapshot correctly 1`] = `
<Styled(div)>
  <PageMeta
    title="ค้นหาวิชาเรียน"
  />
  <Styled(Component)
    alignItems="center"
    direction="row"
    justifyContent="space-between"
    spacing={2}
  >
    <ForwardRef(Typography)
      variant="h2"
    >
      ค้นหาวิชาเรียน
    </ForwardRef(Typography)>
    <Hidden
      mdUp={true}
    >
      <Analytics
        elementName="open_shopping_cart_button"
      >
        <Memo(wrappedComponent)
          onClick={[MockFunction]}
        />
      </Analytics>
    </Hidden>
  </Styled(Component)>
  <Styled(Component)
    alignItems="flex-start"
  >
    <Styled(Component)
      direction="row"
      spacing={2}
      width="100%"
    >
      <SearchField />
      <Analytics
        elementName="filter_button"
      >
        <FilterIconButton />
      </Analytics>
      <Hidden
        mdDown={true}
      >
        <Analytics
          elementName="selected_courses_button"
        >
          <Memo(wrappedComponent)
            onClick={[MockFunction]}
          />
        </Analytics>
      </Hidden>
    </Styled(Component)>
    <TagList />
  </Styled(Component)>
  <NoTagListLayout />
  <Styled(Component)
    direction="row"
    spacing={3}
  >
    <CourseList />
    <FilterSection
      open={false}
    />
  </Styled(Component)>
</Styled(div)>
`;
