// Jest Snapshot v1, https://goo.gl/fbAQLP

exports[`ContributionGuide should match snapshot 1`] = `
<ForwardRef(Alert)
  action={
    <ForwardRef(IconButton)
      onClick={[Function]}
      size="medium"
    >
      <MdKeyboardArrowDown
        color="#0C5A93"
      />
    </ForwardRef(IconButton)>
  }
  icon={false}
  severity="info"
  sx={
    Object {
      "px": 4,
    }
  }
>
  <ForwardRef(Typography)
    color="#0C5A93"
    variant="h6"
  >
    แนวทางในการเขียนรีวิว
  </ForwardRef(Typography)>
  <ForwardRef(Collapse)
    in={false}
  >
    <StyledOL>
      <ForwardRef(Typography)
        color="#0C5A93"
        component="li"
        variant="body1"
      >
        สามารถเล่าประสบการณ์การเรียนในรายวิชาได้ในทุกด้าน เช่น การลงทะเบียน การเรียน การสอบ สิ่งที่อยากจะแนะนำคนอื่น เป็นต้น
      </ForwardRef(Typography)>
      <ForwardRef(Typography)
        color="#0C5A93"
        component="li"
        variant="body1"
      >
        เมื่อรีวิวผ่านการอนุมัติโดยทีมงาน จะปรากฎให้ผู้อื่นเห็นโดยทันที
      </ForwardRef(Typography)>
      <ForwardRef(Typography)
        color="#0C5A93"
        component="li"
        variant="body1"
      >
        ผู้เขียนรีวิวจำเป็นต้องเข้าสู่ระบบด้วยอีเมลนิสิตเพื่อยืนยันความเป็นนิสิตก่อนการรีวิว สามารถดูนโยบายรักษาความเป็นส่วนตัวได้ที่ 
        <Link
          href="/privacy"
        >
          Privacy Policy
        </Link>
         ทั้งนี้ การรีวิวจะเป็นแบบไม่เปิดเผยตัวตนสู่สาธารณะ
      </ForwardRef(Typography)>
      <ForwardRef(Typography)
        color="#0C5A93"
        component="li"
        variant="body1"
      >
        รีวิวที่มีการพูดโจมตีบุคคลอื่น ๆ ด้วยคำพูดหยาบคาย หรือรีวิวที่ทีมงานตัดสินว่ามีลักษณะเป็นสแปม จะไม่ได้รับการอนุมัติ ขอให้แก้ไขเนื้อหาอีกครั้ง
      </ForwardRef(Typography)>
    </StyledOL>
  </ForwardRef(Collapse)>
</ForwardRef(Alert)>
`;
