// Jest Snapshot v1, https://goo.gl/fbAQLP

exports[`SelectTime Should render correctly 1`] = `
<ForwardRef(Stack)>
  <Styled(Component)
    variant="button"
  >
    เวลาเรียน
  </Styled(Component)>
  <ForwardRef(FormControlLabel)
    control={
      <ForwardRef(Checkbox)
        checked={true}
        color="primary"
        name="เวลาเรียน"
        onChange={[MockFunction]}
        sx={
          Object {
            "fontFamily": "Prompt",
          }
        }
      />
    }
    key="periodRange"
    label={
      <ForwardRef(Box)>
        <ForwardRef(Box)
          alignItems="center"
          display="flex"
          justifyContent="space-between"
          mb={2}
        >
          <ForwardRef(Typography)
            mr={2}
            variant="subtitle1"
          >
            ในช่วง
          </ForwardRef(Typography)>
          <ForwardRef(Select)
            disabled={false}
            name="startTime"
            onChange={[MockFunction]}
            value="11:30"
          >
            <ForwardRef(MenuItem)
              value="10:30"
            >
              10:30
            </ForwardRef(MenuItem)>
            <ForwardRef(MenuItem)
              value="11:00"
            >
              11:00
            </ForwardRef(MenuItem)>
            <ForwardRef(MenuItem)
              value="11:30"
            >
              11:30
            </ForwardRef(MenuItem)>
            <ForwardRef(MenuItem)
              value="12:00"
            >
              12:00
            </ForwardRef(MenuItem)>
            <ForwardRef(MenuItem)
              value="12:30"
            >
              12:30
            </ForwardRef(MenuItem)>
          </ForwardRef(Select)>
        </ForwardRef(Box)>
        <ForwardRef(Box)
          alignItems="center"
          display="flex"
          justifyContent="space-between"
        >
          <ForwardRef(Typography)
            mr={2}
            variant="subtitle1"
          >
            ถึง
          </ForwardRef(Typography)>
          <ForwardRef(Select)
            disabled={false}
            name="endTime"
            onChange={[MockFunction]}
            value="11:30"
          >
            <ForwardRef(MenuItem)
              value="11:30"
            >
              11:30
            </ForwardRef(MenuItem)>
            <ForwardRef(MenuItem)
              value="12:00"
            >
              12:00
            </ForwardRef(MenuItem)>
            <ForwardRef(MenuItem)
              value="12:30"
            >
              12:30
            </ForwardRef(MenuItem)>
            <ForwardRef(MenuItem)
              value="13:00"
            >
              13:00
            </ForwardRef(MenuItem)>
            <ForwardRef(MenuItem)
              value="13:30"
            >
              13:30
            </ForwardRef(MenuItem)>
          </ForwardRef(Select)>
        </ForwardRef(Box)>
      </ForwardRef(Box)>
    }
    onClick={[Function]}
    sx={
      Object {
        "alignItems": "flex-start",
        "display": "flex",
      }
    }
  />
</ForwardRef(Stack)>
`;
